  Determining projects to restore...
C:\AI\shoppingcart\src\ShoppingCart.Infrastructure\ShoppingCart.Infrastructure.csproj : warning NU1510: PackageReference Microsoft.AspNetCore.SignalR will not be pruned. Consider removing this package from your dependencies, as it is likely unnecessary. [C:\AI\shoppingcart\Shoppingcart.sln]
C:\AI\shoppingcart\src\ShoppingCart.Infrastructure\ShoppingCart.Infrastructure.csproj : warning NU1510: PackageReference Microsoft.Extensions.Configuration.Abstractions will not be pruned. Consider removing this package from your dependencies, as it is likely unnecessary. [C:\AI\shoppingcart\Shoppingcart.sln]
  All projects are up-to-date for restore.
  ShoppingCart.Shared -> C:\AI\shoppingcart\src\ShoppingCart.Shared\bin\Debug\net10.0\ShoppingCart.Shared.dll
C:\AI\shoppingcart\src\ShoppingCart.Infrastructure\ShoppingCart.Infrastructure.csproj : warning NU1510: PackageReference Microsoft.AspNetCore.SignalR will not be pruned. Consider removing this package from your dependencies, as it is likely unnecessary.
C:\AI\shoppingcart\src\ShoppingCart.Infrastructure\ShoppingCart.Infrastructure.csproj : warning NU1510: PackageReference Microsoft.Extensions.Configuration.Abstractions will not be pruned. Consider removing this package from your dependencies, as it is likely unnecessary.
  ShoppingCart.Domain -> C:\AI\shoppingcart\src\ShoppingCart.Domain\bin\Debug\net10.0\ShoppingCart.Domain.dll
  ShoppingCart.Persistence -> C:\AI\shoppingcart\src\ShoppingCart.Persistence\bin\Debug\net10.0\ShoppingCart.Persistence.dll
  ShoppingCart.Application -> C:\AI\shoppingcart\src\ShoppingCart.Application\bin\Debug\net10.0\ShoppingCart.Application.dll
  ShoppingCart.Infrastructure -> C:\AI\shoppingcart\src\ShoppingCart.Infrastructure\bin\Debug\net10.0\ShoppingCart.Infrastructure.dll
C:\Program Files\dotnet\sdk\10.0.103\Microsoft.Common.CurrentVersion.targets(5080,5): warning MSB3026: Could not copy "C:\AI\shoppingcart\src\ShoppingCart.Domain\bin\Debug\net10.0\ShoppingCart.Domain.dll" to "bin\Debug\net10.0\ShoppingCart.Domain.dll". Beginning retry 1 in 1000ms. The process cannot access the file 'C:\AI\shoppingcart\src\ShoppingCart.Api\bin\Debug\net10.0\ShoppingCart.Domain.dll' because it is being used by another process. The file is locked by: "ShoppingCart.Api (30360)" [C:\AI\shoppingcart\src\ShoppingCart.Api\ShoppingCart.Api.csproj]
C:\Program Files\dotnet\sdk\10.0.103\Microsoft.Common.CurrentVersion.targets(5080,5): warning MSB3026: Could not copy "C:\AI\shoppingcart\src\ShoppingCart.Shared\bin\Debug\net10.0\ShoppingCart.Shared.dll" to "bin\Debug\net10.0\ShoppingCart.Shared.dll". Beginning retry 1 in 1000ms. The process cannot access the file 'C:\AI\shoppingcart\src\ShoppingCart.Api\bin\Debug\net10.0\ShoppingCart.Shared.dll' because it is being used by another process. The file is locked by: "ShoppingCart.Api (30360)" [C:\AI\shoppingcart\src\ShoppingCart.Api\ShoppingCart.Api.csproj]
C:\Program Files\dotnet\sdk\10.0.103\Microsoft.Common.CurrentVersion.targets(5080,5): warning MSB3026: Could not copy "C:\AI\shoppingcart\src\ShoppingCart.Application\bin\Debug\net10.0\ShoppingCart.Application.dll" to "bin\Debug\net10.0\ShoppingCart.Application.dll". Beginning retry 1 in 1000ms. The process cannot access the file 'C:\AI\shoppingcart\src\ShoppingCart.Api\bin\Debug\net10.0\ShoppingCart.Application.dll' because it is being used by another process. The file is locked by: "ShoppingCart.Api (30360)" [C:\AI\shoppingcart\src\ShoppingCart.Api\ShoppingCart.Api.csproj]
C:\Program Files\dotnet\sdk\10.0.103\Microsoft.Common.CurrentVersion.targets(5080,5): warning MSB3026: Could not copy "C:\AI\shoppingcart\src\ShoppingCart.Persistence\bin\Debug\net10.0\ShoppingCart.Persistence.dll" to "bin\Debug\net10.0\ShoppingCart.Persistence.dll". Beginning retry 1 in 1000ms. The process cannot access the file 'C:\AI\shoppingcart\src\ShoppingCart.Api\bin\Debug\net10.0\ShoppingCart.Persistence.dll' because it is being used by another process. The file is locked by: "ShoppingCart.Api (30360)" [C:\AI\shoppingcart\src\ShoppingCart.Api\ShoppingCart.Api.csproj]
C:\Program Files\dotnet\sdk\10.0.103\Microsoft.Common.CurrentVersion.targets(5080,5): warning MSB3026: Could not copy "C:\AI\shoppingcart\src\ShoppingCart.Infrastructure\bin\Debug\net10.0\ShoppingCart.Infrastructure.dll" to "bin\Debug\net10.0\ShoppingCart.Infrastructure.dll". Beginning retry 1 in 1000ms. The process cannot access the file 'C:\AI\shoppingcart\src\ShoppingCart.Api\bin\Debug\net10.0\ShoppingCart.Infrastructure.dll' because it is being used by another process. The file is locked by: "ShoppingCart.Api (30360)" [C:\AI\shoppingcart\src\ShoppingCart.Api\ShoppingCart.Api.csproj]
C:\Program Files\dotnet\sdk\10.0.103\Microsoft.Common.CurrentVersion.targets(5080,5): warning MSB3026: Could not copy "C:\AI\shoppingcart\src\ShoppingCart.Domain\bin\Debug\net10.0\ShoppingCart.Domain.dll" to "bin\Debug\net10.0\ShoppingCart.Domain.dll". Beginning retry 2 in 1000ms. The process cannot access the file 'C:\AI\shoppingcart\src\ShoppingCart.Api\bin\Debug\net10.0\ShoppingCart.Domain.dll' because it is being used by another process. The file is locked by: "ShoppingCart.Api (30360)" [C:\AI\shoppingcart\src\ShoppingCart.Api\ShoppingCart.Api.csproj]
C:\Program Files\dotnet\sdk\10.0.103\Microsoft.Common.CurrentVersion.targets(5080,5): warning MSB3026: Could not copy "C:\AI\shoppingcart\src\ShoppingCart.Application\bin\Debug\net10.0\ShoppingCart.Application.dll" to "bin\Debug\net10.0\ShoppingCart.Application.dll". Beginning retry 2 in 1000ms. The process cannot access the file 'C:\AI\shoppingcart\src\ShoppingCart.Api\bin\Debug\net10.0\ShoppingCart.Application.dll' because it is being used by another process. The file is locked by: "ShoppingCart.Api (30360)" [C:\AI\shoppingcart\src\ShoppingCart.Api\ShoppingCart.Api.csproj]
C:\Program Files\dotnet\sdk\10.0.103\Microsoft.Common.CurrentVersion.targets(5080,5): warning MSB3026: Could not copy "C:\AI\shoppingcart\src\ShoppingCart.Shared\bin\Debug\net10.0\ShoppingCart.Shared.dll" to "bin\Debug\net10.0\ShoppingCart.Shared.dll". Beginning retry 2 in 1000ms. The process cannot access the file 'C:\AI\shoppingcart\src\ShoppingCart.Api\bin\Debug\net10.0\ShoppingCart.Shared.dll' because it is being used by another process. The file is locked by: "ShoppingCart.Api (30360)" [C:\AI\shoppingcart\src\ShoppingCart.Api\ShoppingCart.Api.csproj]
C:\Program Files\dotnet\sdk\10.0.103\Microsoft.Common.CurrentVersion.targets(5080,5): warning MSB3026: Could not copy "C:\AI\shoppingcart\src\ShoppingCart.Infrastructure\bin\Debug\net10.0\ShoppingCart.Infrastructure.dll" to "bin\Debug\net10.0\ShoppingCart.Infrastructure.dll". Beginning retry 2 in 1000ms. The process cannot access the file 'C:\AI\shoppingcart\src\ShoppingCart.Api\bin\Debug\net10.0\ShoppingCart.Infrastructure.dll' because it is being used by another process. The file is locked by: "ShoppingCart.Api (30360)" [C:\AI\shoppingcart\src\ShoppingCart.Api\ShoppingCart.Api.csproj]
C:\Program Files\dotnet\sdk\10.0.103\Microsoft.Common.CurrentVersion.targets(5080,5): warning MSB3026: Could not copy "C:\AI\shoppingcart\src\ShoppingCart.Persistence\bin\Debug\net10.0\ShoppingCart.Persistence.dll" to "bin\Debug\net10.0\ShoppingCart.Persistence.dll". Beginning retry 2 in 1000ms. The process cannot access the file 'C:\AI\shoppingcart\src\ShoppingCart.Api\bin\Debug\net10.0\ShoppingCart.Persistence.dll' because it is being used by another process. The file is locked by: "ShoppingCart.Api (30360)" [C:\AI\shoppingcart\src\ShoppingCart.Api\ShoppingCart.Api.csproj]
C:\Program Files\dotnet\sdk\10.0.103\Microsoft.Common.CurrentVersion.targets(5080,5): warning MSB3026: Could not copy "C:\AI\shoppingcart\src\ShoppingCart.Domain\bin\Debug\net10.0\ShoppingCart.Domain.dll" to "bin\Debug\net10.0\ShoppingCart.Domain.dll". Beginning retry 3 in 1000ms. The process cannot access the file 'C:\AI\shoppingcart\src\ShoppingCart.Api\bin\Debug\net10.0\ShoppingCart.Domain.dll' because it is being used by another process. The file is locked by: "ShoppingCart.Api (30360)" [C:\AI\shoppingcart\src\ShoppingCart.Api\ShoppingCart.Api.csproj]
C:\Program Files\dotnet\sdk\10.0.103\Microsoft.Common.CurrentVersion.targets(5080,5): warning MSB3026: Could not copy "C:\AI\shoppingcart\src\ShoppingCart.Application\bin\Debug\net10.0\ShoppingCart.Application.dll" to "bin\Debug\net10.0\ShoppingCart.Application.dll". Beginning retry 3 in 1000ms. The process cannot access the file 'C:\AI\shoppingcart\src\ShoppingCart.Api\bin\Debug\net10.0\ShoppingCart.Application.dll' because it is being used by another process. The file is locked by: "ShoppingCart.Api (30360)" [C:\AI\shoppingcart\src\ShoppingCart.Api\ShoppingCart.Api.csproj]
C:\Program Files\dotnet\sdk\10.0.103\Microsoft.Common.CurrentVersion.targets(5080,5): warning MSB3026: Could not copy "C:\AI\shoppingcart\src\ShoppingCart.Shared\bin\Debug\net10.0\ShoppingCart.Shared.dll" to "bin\Debug\net10.0\ShoppingCart.Shared.dll". Beginning retry 3 in 1000ms. The process cannot access the file 'C:\AI\shoppingcart\src\ShoppingCart.Api\bin\Debug\net10.0\ShoppingCart.Shared.dll' because it is being used by another process. The file is locked by: "ShoppingCart.Api (30360)" [C:\AI\shoppingcart\src\ShoppingCart.Api\ShoppingCart.Api.csproj]
C:\Program Files\dotnet\sdk\10.0.103\Microsoft.Common.CurrentVersion.targets(5080,5): warning MSB3026: Could not copy "C:\AI\shoppingcart\src\ShoppingCart.Persistence\bin\Debug\net10.0\ShoppingCart.Persistence.dll" to "bin\Debug\net10.0\ShoppingCart.Persistence.dll". Beginning retry 3 in 1000ms. The process cannot access the file 'C:\AI\shoppingcart\src\ShoppingCart.Api\bin\Debug\net10.0\ShoppingCart.Persistence.dll' because it is being used by another process. The file is locked by: "ShoppingCart.Api (30360)" [C:\AI\shoppingcart\src\ShoppingCart.Api\ShoppingCart.Api.csproj]
C:\Program Files\dotnet\sdk\10.0.103\Microsoft.Common.CurrentVersion.targets(5080,5): warning MSB3026: Could not copy "C:\AI\shoppingcart\src\ShoppingCart.Infrastructure\bin\Debug\net10.0\ShoppingCart.Infrastructure.dll" to "bin\Debug\net10.0\ShoppingCart.Infrastructure.dll". Beginning retry 3 in 1000ms. The process cannot access the file 'C:\AI\shoppingcart\src\ShoppingCart.Api\bin\Debug\net10.0\ShoppingCart.Infrastructure.dll' because it is being used by another process. The file is locked by: "ShoppingCart.Api (30360)" [C:\AI\shoppingcart\src\ShoppingCart.Api\ShoppingCart.Api.csproj]
C:\Program Files\dotnet\sdk\10.0.103\Microsoft.Common.CurrentVersion.targets(5080,5): warning MSB3026: Could not copy "C:\AI\shoppingcart\src\ShoppingCart.Domain\bin\Debug\net10.0\ShoppingCart.Domain.dll" to "bin\Debug\net10.0\ShoppingCart.Domain.dll". Beginning retry 4 in 1000ms. The process cannot access the file 'C:\AI\shoppingcart\src\ShoppingCart.Api\bin\Debug\net10.0\ShoppingCart.Domain.dll' because it is being used by another process. The file is locked by: "ShoppingCart.Api (30360)" [C:\AI\shoppingcart\src\ShoppingCart.Api\ShoppingCart.Api.csproj]
C:\Program Files\dotnet\sdk\10.0.103\Microsoft.Common.CurrentVersion.targets(5080,5): warning MSB3026: Could not copy "C:\AI\shoppingcart\src\ShoppingCart.Application\bin\Debug\net10.0\ShoppingCart.Application.dll" to "bin\Debug\net10.0\ShoppingCart.Application.dll". Beginning retry 4 in 1000ms. The process cannot access the file 'C:\AI\shoppingcart\src\ShoppingCart.Api\bin\Debug\net10.0\ShoppingCart.Application.dll' because it is being used by another process. The file is locked by: "ShoppingCart.Api (30360)" [C:\AI\shoppingcart\src\ShoppingCart.Api\ShoppingCart.Api.csproj]
C:\Program Files\dotnet\sdk\10.0.103\Microsoft.Common.CurrentVersion.targets(5080,5): warning MSB3026: Could not copy "C:\AI\shoppingcart\src\ShoppingCart.Shared\bin\Debug\net10.0\ShoppingCart.Shared.dll" to "bin\Debug\net10.0\ShoppingCart.Shared.dll". Beginning retry 4 in 1000ms. The process cannot access the file 'C:\AI\shoppingcart\src\ShoppingCart.Api\bin\Debug\net10.0\ShoppingCart.Shared.dll' because it is being used by another process. The file is locked by: "ShoppingCart.Api (30360)" [C:\AI\shoppingcart\src\ShoppingCart.Api\ShoppingCart.Api.csproj]
C:\Program Files\dotnet\sdk\10.0.103\Microsoft.Common.CurrentVersion.targets(5080,5): warning MSB3026: Could not copy "C:\AI\shoppingcart\src\ShoppingCart.Infrastructure\bin\Debug\net10.0\ShoppingCart.Infrastructure.dll" to "bin\Debug\net10.0\ShoppingCart.Infrastructure.dll". Beginning retry 4 in 1000ms. The process cannot access the file 'C:\AI\shoppingcart\src\ShoppingCart.Api\bin\Debug\net10.0\ShoppingCart.Infrastructure.dll' because it is being used by another process. The file is locked by: "ShoppingCart.Api (30360)" [C:\AI\shoppingcart\src\ShoppingCart.Api\ShoppingCart.Api.csproj]
C:\Program Files\dotnet\sdk\10.0.103\Microsoft.Common.CurrentVersion.targets(5080,5): warning MSB3026: Could not copy "C:\AI\shoppingcart\src\ShoppingCart.Persistence\bin\Debug\net10.0\ShoppingCart.Persistence.dll" to "bin\Debug\net10.0\ShoppingCart.Persistence.dll". Beginning retry 4 in 1000ms. The process cannot access the file 'C:\AI\shoppingcart\src\ShoppingCart.Api\bin\Debug\net10.0\ShoppingCart.Persistence.dll' because it is being used by another process. The file is locked by: "ShoppingCart.Api (30360)" [C:\AI\shoppingcart\src\ShoppingCart.Api\ShoppingCart.Api.csproj]
C:\Program Files\dotnet\sdk\10.0.103\Microsoft.Common.CurrentVersion.targets(5080,5): warning MSB3026: Could not copy "C:\AI\shoppingcart\src\ShoppingCart.Domain\bin\Debug\net10.0\ShoppingCart.Domain.dll" to "bin\Debug\net10.0\ShoppingCart.Domain.dll". Beginning retry 5 in 1000ms. The process cannot access the file 'C:\AI\shoppingcart\src\ShoppingCart.Api\bin\Debug\net10.0\ShoppingCart.Domain.dll' because it is being used by another process. The file is locked by: "ShoppingCart.Api (30360)" [C:\AI\shoppingcart\src\ShoppingCart.Api\ShoppingCart.Api.csproj]
C:\Program Files\dotnet\sdk\10.0.103\Microsoft.Common.CurrentVersion.targets(5080,5): warning MSB3026: Could not copy "C:\AI\shoppingcart\src\ShoppingCart.Application\bin\Debug\net10.0\ShoppingCart.Application.dll" to "bin\Debug\net10.0\ShoppingCart.Application.dll". Beginning retry 5 in 1000ms. The process cannot access the file 'C:\AI\shoppingcart\src\ShoppingCart.Api\bin\Debug\net10.0\ShoppingCart.Application.dll' because it is being used by another process. The file is locked by: "ShoppingCart.Api (30360)" [C:\AI\shoppingcart\src\ShoppingCart.Api\ShoppingCart.Api.csproj]
C:\Program Files\dotnet\sdk\10.0.103\Microsoft.Common.CurrentVersion.targets(5080,5): warning MSB3026: Could not copy "C:\AI\shoppingcart\src\ShoppingCart.Shared\bin\Debug\net10.0\ShoppingCart.Shared.dll" to "bin\Debug\net10.0\ShoppingCart.Shared.dll". Beginning retry 5 in 1000ms. The process cannot access the file 'C:\AI\shoppingcart\src\ShoppingCart.Api\bin\Debug\net10.0\ShoppingCart.Shared.dll' because it is being used by another process. The file is locked by: "ShoppingCart.Api (30360)" [C:\AI\shoppingcart\src\ShoppingCart.Api\ShoppingCart.Api.csproj]
C:\Program Files\dotnet\sdk\10.0.103\Microsoft.Common.CurrentVersion.targets(5080,5): warning MSB3026: Could not copy "C:\AI\shoppingcart\src\ShoppingCart.Persistence\bin\Debug\net10.0\ShoppingCart.Persistence.dll" to "bin\Debug\net10.0\ShoppingCart.Persistence.dll". Beginning retry 5 in 1000ms. The process cannot access the file 'C:\AI\shoppingcart\src\ShoppingCart.Api\bin\Debug\net10.0\ShoppingCart.Persistence.dll' because it is being used by another process. The file is locked by: "ShoppingCart.Api (30360)" [C:\AI\shoppingcart\src\ShoppingCart.Api\ShoppingCart.Api.csproj]
C:\Program Files\dotnet\sdk\10.0.103\Microsoft.Common.CurrentVersion.targets(5080,5): warning MSB3026: Could not copy "C:\AI\shoppingcart\src\ShoppingCart.Infrastructure\bin\Debug\net10.0\ShoppingCart.Infrastructure.dll" to "bin\Debug\net10.0\ShoppingCart.Infrastructure.dll". Beginning retry 5 in 1000ms. The process cannot access the file 'C:\AI\shoppingcart\src\ShoppingCart.Api\bin\Debug\net10.0\ShoppingCart.Infrastructure.dll' because it is being used by another process. The file is locked by: "ShoppingCart.Api (30360)" [C:\AI\shoppingcart\src\ShoppingCart.Api\ShoppingCart.Api.csproj]
C:\Program Files\dotnet\sdk\10.0.103\Microsoft.Common.CurrentVersion.targets(5080,5): warning MSB3026: Could not copy "C:\AI\shoppingcart\src\ShoppingCart.Domain\bin\Debug\net10.0\ShoppingCart.Domain.dll" to "bin\Debug\net10.0\ShoppingCart.Domain.dll". Beginning retry 6 in 1000ms. The process cannot access the file 'C:\AI\shoppingcart\src\ShoppingCart.Api\bin\Debug\net10.0\ShoppingCart.Domain.dll' because it is being used by another process. The file is locked by: "ShoppingCart.Api (30360)" [C:\AI\shoppingcart\src\ShoppingCart.Api\ShoppingCart.Api.csproj]
C:\Program Files\dotnet\sdk\10.0.103\Microsoft.Common.CurrentVersion.targets(5080,5): warning MSB3026: Could not copy "C:\AI\shoppingcart\src\ShoppingCart.Application\bin\Debug\net10.0\ShoppingCart.Application.dll" to "bin\Debug\net10.0\ShoppingCart.Application.dll". Beginning retry 6 in 1000ms. The process cannot access the file 'C:\AI\shoppingcart\src\ShoppingCart.Api\bin\Debug\net10.0\ShoppingCart.Application.dll' because it is being used by another process. The file is locked by: "ShoppingCart.Api (30360)" [C:\AI\shoppingcart\src\ShoppingCart.Api\ShoppingCart.Api.csproj]
C:\Program Files\dotnet\sdk\10.0.103\Microsoft.Common.CurrentVersion.targets(5080,5): warning MSB3026: Could not copy "C:\AI\shoppingcart\src\ShoppingCart.Persistence\bin\Debug\net10.0\ShoppingCart.Persistence.dll" to "bin\Debug\net10.0\ShoppingCart.Persistence.dll". Beginning retry 6 in 1000ms. The process cannot access the file 'C:\AI\shoppingcart\src\ShoppingCart.Api\bin\Debug\net10.0\ShoppingCart.Persistence.dll' because it is being used by another process. The file is locked by: "ShoppingCart.Api (30360)" [C:\AI\shoppingcart\src\ShoppingCart.Api\ShoppingCart.Api.csproj]
C:\Program Files\dotnet\sdk\10.0.103\Microsoft.Common.CurrentVersion.targets(5080,5): warning MSB3026: Could not copy "C:\AI\shoppingcart\src\ShoppingCart.Shared\bin\Debug\net10.0\ShoppingCart.Shared.dll" to "bin\Debug\net10.0\ShoppingCart.Shared.dll". Beginning retry 6 in 1000ms. The process cannot access the file 'C:\AI\shoppingcart\src\ShoppingCart.Api\bin\Debug\net10.0\ShoppingCart.Shared.dll' because it is being used by another process. The file is locked by: "ShoppingCart.Api (30360)" [C:\AI\shoppingcart\src\ShoppingCart.Api\ShoppingCart.Api.csproj]
C:\Program Files\dotnet\sdk\10.0.103\Microsoft.Common.CurrentVersion.targets(5080,5): warning MSB3026: Could not copy "C:\AI\shoppingcart\src\ShoppingCart.Infrastructure\bin\Debug\net10.0\ShoppingCart.Infrastructure.dll" to "bin\Debug\net10.0\ShoppingCart.Infrastructure.dll". Beginning retry 6 in 1000ms. The process cannot access the file 'C:\AI\shoppingcart\src\ShoppingCart.Api\bin\Debug\net10.0\ShoppingCart.Infrastructure.dll' because it is being used by another process. The file is locked by: "ShoppingCart.Api (30360)" [C:\AI\shoppingcart\src\ShoppingCart.Api\ShoppingCart.Api.csproj]
C:\Program Files\dotnet\sdk\10.0.103\Microsoft.Common.CurrentVersion.targets(5080,5): warning MSB3026: Could not copy "C:\AI\shoppingcart\src\ShoppingCart.Domain\bin\Debug\net10.0\ShoppingCart.Domain.dll" to "bin\Debug\net10.0\ShoppingCart.Domain.dll". Beginning retry 7 in 1000ms. The process cannot access the file 'C:\AI\shoppingcart\src\ShoppingCart.Api\bin\Debug\net10.0\ShoppingCart.Domain.dll' because it is being used by another process. The file is locked by: "ShoppingCart.Api (30360)" [C:\AI\shoppingcart\src\ShoppingCart.Api\ShoppingCart.Api.csproj]
C:\Program Files\dotnet\sdk\10.0.103\Microsoft.Common.CurrentVersion.targets(5080,5): warning MSB3026: Could not copy "C:\AI\shoppingcart\src\ShoppingCart.Persistence\bin\Debug\net10.0\ShoppingCart.Persistence.dll" to "bin\Debug\net10.0\ShoppingCart.Persistence.dll". Beginning retry 7 in 1000ms. The process cannot access the file 'C:\AI\shoppingcart\src\ShoppingCart.Api\bin\Debug\net10.0\ShoppingCart.Persistence.dll' because it is being used by another process. The file is locked by: "ShoppingCart.Api (30360)" [C:\AI\shoppingcart\src\ShoppingCart.Api\ShoppingCart.Api.csproj]
C:\Program Files\dotnet\sdk\10.0.103\Microsoft.Common.CurrentVersion.targets(5080,5): warning MSB3026: Could not copy "C:\AI\shoppingcart\src\ShoppingCart.Application\bin\Debug\net10.0\ShoppingCart.Application.dll" to "bin\Debug\net10.0\ShoppingCart.Application.dll". Beginning retry 7 in 1000ms. The process cannot access the file 'C:\AI\shoppingcart\src\ShoppingCart.Api\bin\Debug\net10.0\ShoppingCart.Application.dll' because it is being used by another process. The file is locked by: "ShoppingCart.Api (30360)" [C:\AI\shoppingcart\src\ShoppingCart.Api\ShoppingCart.Api.csproj]
C:\Program Files\dotnet\sdk\10.0.103\Microsoft.Common.CurrentVersion.targets(5080,5): warning MSB3026: Could not copy "C:\AI\shoppingcart\src\ShoppingCart.Shared\bin\Debug\net10.0\ShoppingCart.Shared.dll" to "bin\Debug\net10.0\ShoppingCart.Shared.dll". Beginning retry 7 in 1000ms. The process cannot access the file 'C:\AI\shoppingcart\src\ShoppingCart.Api\bin\Debug\net10.0\ShoppingCart.Shared.dll' because it is being used by another process. The file is locked by: "ShoppingCart.Api (30360)" [C:\AI\shoppingcart\src\ShoppingCart.Api\ShoppingCart.Api.csproj]
C:\Program Files\dotnet\sdk\10.0.103\Microsoft.Common.CurrentVersion.targets(5080,5): warning MSB3026: Could not copy "C:\AI\shoppingcart\src\ShoppingCart.Infrastructure\bin\Debug\net10.0\ShoppingCart.Infrastructure.dll" to "bin\Debug\net10.0\ShoppingCart.Infrastructure.dll". Beginning retry 7 in 1000ms. The process cannot access the file 'C:\AI\shoppingcart\src\ShoppingCart.Api\bin\Debug\net10.0\ShoppingCart.Infrastructure.dll' because it is being used by another process. The file is locked by: "ShoppingCart.Api (30360)" [C:\AI\shoppingcart\src\ShoppingCart.Api\ShoppingCart.Api.csproj]
C:\Program Files\dotnet\sdk\10.0.103\Microsoft.Common.CurrentVersion.targets(5080,5): warning MSB3026: Could not copy "C:\AI\shoppingcart\src\ShoppingCart.Domain\bin\Debug\net10.0\ShoppingCart.Domain.dll" to "bin\Debug\net10.0\ShoppingCart.Domain.dll". Beginning retry 8 in 1000ms. The process cannot access the file 'C:\AI\shoppingcart\src\ShoppingCart.Api\bin\Debug\net10.0\ShoppingCart.Domain.dll' because it is being used by another process. The file is locked by: "ShoppingCart.Api (30360)" [C:\AI\shoppingcart\src\ShoppingCart.Api\ShoppingCart.Api.csproj]
C:\Program Files\dotnet\sdk\10.0.103\Microsoft.Common.CurrentVersion.targets(5080,5): warning MSB3026: Could not copy "C:\AI\shoppingcart\src\ShoppingCart.Application\bin\Debug\net10.0\ShoppingCart.Application.dll" to "bin\Debug\net10.0\ShoppingCart.Application.dll". Beginning retry 8 in 1000ms. The process cannot access the file 'C:\AI\shoppingcart\src\ShoppingCart.Api\bin\Debug\net10.0\ShoppingCart.Application.dll' because it is being used by another process. The file is locked by: "ShoppingCart.Api (30360)" [C:\AI\shoppingcart\src\ShoppingCart.Api\ShoppingCart.Api.csproj]
C:\Program Files\dotnet\sdk\10.0.103\Microsoft.Common.CurrentVersion.targets(5080,5): warning MSB3026: Could not copy "C:\AI\shoppingcart\src\ShoppingCart.Persistence\bin\Debug\net10.0\ShoppingCart.Persistence.dll" to "bin\Debug\net10.0\ShoppingCart.Persistence.dll". Beginning retry 8 in 1000ms. The process cannot access the file 'C:\AI\shoppingcart\src\ShoppingCart.Api\bin\Debug\net10.0\ShoppingCart.Persistence.dll' because it is being used by another process. The file is locked by: "ShoppingCart.Api (30360)" [C:\AI\shoppingcart\src\ShoppingCart.Api\ShoppingCart.Api.csproj]
C:\Program Files\dotnet\sdk\10.0.103\Microsoft.Common.CurrentVersion.targets(5080,5): warning MSB3026: Could not copy "C:\AI\shoppingcart\src\ShoppingCart.Infrastructure\bin\Debug\net10.0\ShoppingCart.Infrastructure.dll" to "bin\Debug\net10.0\ShoppingCart.Infrastructure.dll". Beginning retry 8 in 1000ms. The process cannot access the file 'C:\AI\shoppingcart\src\ShoppingCart.Api\bin\Debug\net10.0\ShoppingCart.Infrastructure.dll' because it is being used by another process. The file is locked by: "ShoppingCart.Api (30360)" [C:\AI\shoppingcart\src\ShoppingCart.Api\ShoppingCart.Api.csproj]
C:\Program Files\dotnet\sdk\10.0.103\Microsoft.Common.CurrentVersion.targets(5080,5): warning MSB3026: Could not copy "C:\AI\shoppingcart\src\ShoppingCart.Shared\bin\Debug\net10.0\ShoppingCart.Shared.dll" to "bin\Debug\net10.0\ShoppingCart.Shared.dll". Beginning retry 8 in 1000ms. The process cannot access the file 'C:\AI\shoppingcart\src\ShoppingCart.Api\bin\Debug\net10.0\ShoppingCart.Shared.dll' because it is being used by another process. The file is locked by: "ShoppingCart.Api (30360)" [C:\AI\shoppingcart\src\ShoppingCart.Api\ShoppingCart.Api.csproj]
C:\Program Files\dotnet\sdk\10.0.103\Microsoft.Common.CurrentVersion.targets(5080,5): warning MSB3026: Could not copy "C:\AI\shoppingcart\src\ShoppingCart.Domain\bin\Debug\net10.0\ShoppingCart.Domain.dll" to "bin\Debug\net10.0\ShoppingCart.Domain.dll". Beginning retry 9 in 1000ms. The process cannot access the file 'C:\AI\shoppingcart\src\ShoppingCart.Api\bin\Debug\net10.0\ShoppingCart.Domain.dll' because it is being used by another process. The file is locked by: "ShoppingCart.Api (30360)" [C:\AI\shoppingcart\src\ShoppingCart.Api\ShoppingCart.Api.csproj]
C:\Program Files\dotnet\sdk\10.0.103\Microsoft.Common.CurrentVersion.targets(5080,5): warning MSB3026: Could not copy "C:\AI\shoppingcart\src\ShoppingCart.Persistence\bin\Debug\net10.0\ShoppingCart.Persistence.dll" to "bin\Debug\net10.0\ShoppingCart.Persistence.dll". Beginning retry 9 in 1000ms. The process cannot access the file 'C:\AI\shoppingcart\src\ShoppingCart.Api\bin\Debug\net10.0\ShoppingCart.Persistence.dll' because it is being used by another process. The file is locked by: "ShoppingCart.Api (30360)" [C:\AI\shoppingcart\src\ShoppingCart.Api\ShoppingCart.Api.csproj]
C:\Program Files\dotnet\sdk\10.0.103\Microsoft.Common.CurrentVersion.targets(5080,5): warning MSB3026: Could not copy "C:\AI\shoppingcart\src\ShoppingCart.Application\bin\Debug\net10.0\ShoppingCart.Application.dll" to "bin\Debug\net10.0\ShoppingCart.Application.dll". Beginning retry 9 in 1000ms. The process cannot access the file 'C:\AI\shoppingcart\src\ShoppingCart.Api\bin\Debug\net10.0\ShoppingCart.Application.dll' because it is being used by another process. The file is locked by: "ShoppingCart.Api (30360)" [C:\AI\shoppingcart\src\ShoppingCart.Api\ShoppingCart.Api.csproj]
C:\Program Files\dotnet\sdk\10.0.103\Microsoft.Common.CurrentVersion.targets(5080,5): warning MSB3026: Could not copy "C:\AI\shoppingcart\src\ShoppingCart.Infrastructure\bin\Debug\net10.0\ShoppingCart.Infrastructure.dll" to "bin\Debug\net10.0\ShoppingCart.Infrastructure.dll". Beginning retry 9 in 1000ms. The process cannot access the file 'C:\AI\shoppingcart\src\ShoppingCart.Api\bin\Debug\net10.0\ShoppingCart.Infrastructure.dll' because it is being used by another process. The file is locked by: "ShoppingCart.Api (30360)" [C:\AI\shoppingcart\src\ShoppingCart.Api\ShoppingCart.Api.csproj]
C:\Program Files\dotnet\sdk\10.0.103\Microsoft.Common.CurrentVersion.targets(5080,5): warning MSB3026: Could not copy "C:\AI\shoppingcart\src\ShoppingCart.Shared\bin\Debug\net10.0\ShoppingCart.Shared.dll" to "bin\Debug\net10.0\ShoppingCart.Shared.dll". Beginning retry 9 in 1000ms. The process cannot access the file 'C:\AI\shoppingcart\src\ShoppingCart.Api\bin\Debug\net10.0\ShoppingCart.Shared.dll' because it is being used by another process. The file is locked by: "ShoppingCart.Api (30360)" [C:\AI\shoppingcart\src\ShoppingCart.Api\ShoppingCart.Api.csproj]
C:\Program Files\dotnet\sdk\10.0.103\Microsoft.Common.CurrentVersion.targets(5080,5): warning MSB3026: Could not copy "C:\AI\shoppingcart\src\ShoppingCart.Domain\bin\Debug\net10.0\ShoppingCart.Domain.dll" to "bin\Debug\net10.0\ShoppingCart.Domain.dll". Beginning retry 10 in 1000ms. The process cannot access the file 'C:\AI\shoppingcart\src\ShoppingCart.Api\bin\Debug\net10.0\ShoppingCart.Domain.dll' because it is being used by another process. The file is locked by: "ShoppingCart.Api (30360)" [C:\AI\shoppingcart\src\ShoppingCart.Api\ShoppingCart.Api.csproj]
C:\Program Files\dotnet\sdk\10.0.103\Microsoft.Common.CurrentVersion.targets(5080,5): warning MSB3026: Could not copy "C:\AI\shoppingcart\src\ShoppingCart.Application\bin\Debug\net10.0\ShoppingCart.Application.dll" to "bin\Debug\net10.0\ShoppingCart.Application.dll". Beginning retry 10 in 1000ms. The process cannot access the file 'C:\AI\shoppingcart\src\ShoppingCart.Api\bin\Debug\net10.0\ShoppingCart.Application.dll' because it is being used by another process. The file is locked by: "ShoppingCart.Api (30360)" [C:\AI\shoppingcart\src\ShoppingCart.Api\ShoppingCart.Api.csproj]
C:\Program Files\dotnet\sdk\10.0.103\Microsoft.Common.CurrentVersion.targets(5080,5): warning MSB3026: Could not copy "C:\AI\shoppingcart\src\ShoppingCart.Persistence\bin\Debug\net10.0\ShoppingCart.Persistence.dll" to "bin\Debug\net10.0\ShoppingCart.Persistence.dll". Beginning retry 10 in 1000ms. The process cannot access the file 'C:\AI\shoppingcart\src\ShoppingCart.Api\bin\Debug\net10.0\ShoppingCart.Persistence.dll' because it is being used by another process. The file is locked by: "ShoppingCart.Api (30360)" [C:\AI\shoppingcart\src\ShoppingCart.Api\ShoppingCart.Api.csproj]
C:\Program Files\dotnet\sdk\10.0.103\Microsoft.Common.CurrentVersion.targets(5080,5): warning MSB3026: Could not copy "C:\AI\shoppingcart\src\ShoppingCart.Infrastructure\bin\Debug\net10.0\ShoppingCart.Infrastructure.dll" to "bin\Debug\net10.0\ShoppingCart.Infrastructure.dll". Beginning retry 10 in 1000ms. The process cannot access the file 'C:\AI\shoppingcart\src\ShoppingCart.Api\bin\Debug\net10.0\ShoppingCart.Infrastructure.dll' because it is being used by another process. The file is locked by: "ShoppingCart.Api (30360)" [C:\AI\shoppingcart\src\ShoppingCart.Api\ShoppingCart.Api.csproj]
C:\Program Files\dotnet\sdk\10.0.103\Microsoft.Common.CurrentVersion.targets(5080,5): warning MSB3026: Could not copy "C:\AI\shoppingcart\src\ShoppingCart.Shared\bin\Debug\net10.0\ShoppingCart.Shared.dll" to "bin\Debug\net10.0\ShoppingCart.Shared.dll". Beginning retry 10 in 1000ms. The process cannot access the file 'C:\AI\shoppingcart\src\ShoppingCart.Api\bin\Debug\net10.0\ShoppingCart.Shared.dll' because it is being used by another process. The file is locked by: "ShoppingCart.Api (30360)" [C:\AI\shoppingcart\src\ShoppingCart.Api\ShoppingCart.Api.csproj]
C:\Program Files\dotnet\sdk\10.0.103\Microsoft.Common.CurrentVersion.targets(5080,5): error MSB3027: Could not copy "C:\AI\shoppingcart\src\ShoppingCart.Domain\bin\Debug\net10.0\ShoppingCart.Domain.dll" to "bin\Debug\net10.0\ShoppingCart.Domain.dll". Exceeded retry count of 10. Failed. The file is locked by: "ShoppingCart.Api (30360)" [C:\AI\shoppingcart\src\ShoppingCart.Api\ShoppingCart.Api.csproj]
C:\Program Files\dotnet\sdk\10.0.103\Microsoft.Common.CurrentVersion.targets(5080,5): error MSB3021: Unable to copy file "C:\AI\shoppingcart\src\ShoppingCart.Domain\bin\Debug\net10.0\ShoppingCart.Domain.dll" to "bin\Debug\net10.0\ShoppingCart.Domain.dll". The process cannot access the file 'C:\AI\shoppingcart\src\ShoppingCart.Api\bin\Debug\net10.0\ShoppingCart.Domain.dll' because it is being used by another process. [C:\AI\shoppingcart\src\ShoppingCart.Api\ShoppingCart.Api.csproj]
C:\Program Files\dotnet\sdk\10.0.103\Microsoft.Common.CurrentVersion.targets(5080,5): error MSB3027: Could not copy "C:\AI\shoppingcart\src\ShoppingCart.Application\bin\Debug\net10.0\ShoppingCart.Application.dll" to "bin\Debug\net10.0\ShoppingCart.Application.dll". Exceeded retry count of 10. Failed. The file is locked by: "ShoppingCart.Api (30360)" [C:\AI\shoppingcart\src\ShoppingCart.Api\ShoppingCart.Api.csproj]
C:\Program Files\dotnet\sdk\10.0.103\Microsoft.Common.CurrentVersion.targets(5080,5): error MSB3021: Unable to copy file "C:\AI\shoppingcart\src\ShoppingCart.Application\bin\Debug\net10.0\ShoppingCart.Application.dll" to "bin\Debug\net10.0\ShoppingCart.Application.dll". The process cannot access the file 'C:\AI\shoppingcart\src\ShoppingCart.Api\bin\Debug\net10.0\ShoppingCart.Application.dll' because it is being used by another process. [C:\AI\shoppingcart\src\ShoppingCart.Api\ShoppingCart.Api.csproj]
C:\Program Files\dotnet\sdk\10.0.103\Microsoft.Common.CurrentVersion.targets(5080,5): error MSB3027: Could not copy "C:\AI\shoppingcart\src\ShoppingCart.Persistence\bin\Debug\net10.0\ShoppingCart.Persistence.dll" to "bin\Debug\net10.0\ShoppingCart.Persistence.dll". Exceeded retry count of 10. Failed. The file is locked by: "ShoppingCart.Api (30360)" [C:\AI\shoppingcart\src\ShoppingCart.Api\ShoppingCart.Api.csproj]
C:\Program Files\dotnet\sdk\10.0.103\Microsoft.Common.CurrentVersion.targets(5080,5): error MSB3021: Unable to copy file "C:\AI\shoppingcart\src\ShoppingCart.Persistence\bin\Debug\net10.0\ShoppingCart.Persistence.dll" to "bin\Debug\net10.0\ShoppingCart.Persistence.dll". The process cannot access the file 'C:\AI\shoppingcart\src\ShoppingCart.Api\bin\Debug\net10.0\ShoppingCart.Persistence.dll' because it is being used by another process. [C:\AI\shoppingcart\src\ShoppingCart.Api\ShoppingCart.Api.csproj]
C:\Program Files\dotnet\sdk\10.0.103\Microsoft.Common.CurrentVersion.targets(5080,5): error MSB3027: Could not copy "C:\AI\shoppingcart\src\ShoppingCart.Shared\bin\Debug\net10.0\ShoppingCart.Shared.dll" to "bin\Debug\net10.0\ShoppingCart.Shared.dll". Exceeded retry count of 10. Failed. The file is locked by: "ShoppingCart.Api (30360)" [C:\AI\shoppingcart\src\ShoppingCart.Api\ShoppingCart.Api.csproj]
C:\Program Files\dotnet\sdk\10.0.103\Microsoft.Common.CurrentVersion.targets(5080,5): error MSB3021: Unable to copy file "C:\AI\shoppingcart\src\ShoppingCart.Shared\bin\Debug\net10.0\ShoppingCart.Shared.dll" to "bin\Debug\net10.0\ShoppingCart.Shared.dll". The process cannot access the file 'C:\AI\shoppingcart\src\ShoppingCart.Api\bin\Debug\net10.0\ShoppingCart.Shared.dll' because it is being used by another process. [C:\AI\shoppingcart\src\ShoppingCart.Api\ShoppingCart.Api.csproj]
C:\Program Files\dotnet\sdk\10.0.103\Microsoft.Common.CurrentVersion.targets(5080,5): error MSB3027: Could not copy "C:\AI\shoppingcart\src\ShoppingCart.Infrastructure\bin\Debug\net10.0\ShoppingCart.Infrastructure.dll" to "bin\Debug\net10.0\ShoppingCart.Infrastructure.dll". Exceeded retry count of 10. Failed. The file is locked by: "ShoppingCart.Api (30360)" [C:\AI\shoppingcart\src\ShoppingCart.Api\ShoppingCart.Api.csproj]
C:\Program Files\dotnet\sdk\10.0.103\Microsoft.Common.CurrentVersion.targets(5080,5): error MSB3021: Unable to copy file "C:\AI\shoppingcart\src\ShoppingCart.Infrastructure\bin\Debug\net10.0\ShoppingCart.Infrastructure.dll" to "bin\Debug\net10.0\ShoppingCart.Infrastructure.dll". The process cannot access the file 'C:\AI\shoppingcart\src\ShoppingCart.Api\bin\Debug\net10.0\ShoppingCart.Infrastructure.dll' because it is being used by another process. [C:\AI\shoppingcart\src\ShoppingCart.Api\ShoppingCart.Api.csproj]

Build FAILED.

C:\AI\shoppingcart\src\ShoppingCart.Infrastructure\ShoppingCart.Infrastructure.csproj : warning NU1510: PackageReference Microsoft.AspNetCore.SignalR will not be pruned. Consider removing this package from your dependencies, as it is likely unnecessary. [C:\AI\shoppingcart\Shoppingcart.sln]
C:\AI\shoppingcart\src\ShoppingCart.Infrastructure\ShoppingCart.Infrastructure.csproj : warning NU1510: PackageReference Microsoft.Extensions.Configuration.Abstractions will not be pruned. Consider removing this package from your dependencies, as it is likely unnecessary. [C:\AI\shoppingcart\Shoppingcart.sln]
C:\AI\shoppingcart\src\ShoppingCart.Infrastructure\ShoppingCart.Infrastructure.csproj : warning NU1510: PackageReference Microsoft.AspNetCore.SignalR will not be pruned. Consider removing this package from your dependencies, as it is likely unnecessary.
C:\AI\shoppingcart\src\ShoppingCart.Infrastructure\ShoppingCart.Infrastructure.csproj : warning NU1510: PackageReference Microsoft.Extensions.Configuration.Abstractions will not be pruned. Consider removing this package from your dependencies, as it is likely unnecessary.
C:\Program Files\dotnet\sdk\10.0.103\Microsoft.Common.CurrentVersion.targets(5080,5): warning MSB3026: Could not copy "C:\AI\shoppingcart\src\ShoppingCart.Domain\bin\Debug\net10.0\ShoppingCart.Domain.dll" to "bin\Debug\net10.0\ShoppingCart.Domain.dll". Beginning retry 1 in 1000ms. The process cannot access the file 'C:\AI\shoppingcart\src\ShoppingCart.Api\bin\Debug\net10.0\ShoppingCart.Domain.dll' because it is being used by another process. The file is locked by: "ShoppingCart.Api (30360)" [C:\AI\shoppingcart\src\ShoppingCart.Api\ShoppingCart.Api.csproj]
C:\Program Files\dotnet\sdk\10.0.103\Microsoft.Common.CurrentVersion.targets(5080,5): warning MSB3026: Could not copy "C:\AI\shoppingcart\src\ShoppingCart.Shared\bin\Debug\net10.0\ShoppingCart.Shared.dll" to "bin\Debug\net10.0\ShoppingCart.Shared.dll". Beginning retry 1 in 1000ms. The process cannot access the file 'C:\AI\shoppingcart\src\ShoppingCart.Api\bin\Debug\net10.0\ShoppingCart.Shared.dll' because it is being used by another process. The file is locked by: "ShoppingCart.Api (30360)" [C:\AI\shoppingcart\src\ShoppingCart.Api\ShoppingCart.Api.csproj]
C:\Program Files\dotnet\sdk\10.0.103\Microsoft.Common.CurrentVersion.targets(5080,5): warning MSB3026: Could not copy "C:\AI\shoppingcart\src\ShoppingCart.Application\bin\Debug\net10.0\ShoppingCart.Application.dll" to "bin\Debug\net10.0\ShoppingCart.Application.dll". Beginning retry 1 in 1000ms. The process cannot access the file 'C:\AI\shoppingcart\src\ShoppingCart.Api\bin\Debug\net10.0\ShoppingCart.Application.dll' because it is being used by another process. The file is locked by: "ShoppingCart.Api (30360)" [C:\AI\shoppingcart\src\ShoppingCart.Api\ShoppingCart.Api.csproj]
C:\Program Files\dotnet\sdk\10.0.103\Microsoft.Common.CurrentVersion.targets(5080,5): warning MSB3026: Could not copy "C:\AI\shoppingcart\src\ShoppingCart.Persistence\bin\Debug\net10.0\ShoppingCart.Persistence.dll" to "bin\Debug\net10.0\ShoppingCart.Persistence.dll". Beginning retry 1 in 1000ms. The process cannot access the file 'C:\AI\shoppingcart\src\ShoppingCart.Api\bin\Debug\net10.0\ShoppingCart.Persistence.dll' because it is being used by another process. The file is locked by: "ShoppingCart.Api (30360)" [C:\AI\shoppingcart\src\ShoppingCart.Api\ShoppingCart.Api.csproj]
C:\Program Files\dotnet\sdk\10.0.103\Microsoft.Common.CurrentVersion.targets(5080,5): warning MSB3026: Could not copy "C:\AI\shoppingcart\src\ShoppingCart.Infrastructure\bin\Debug\net10.0\ShoppingCart.Infrastructure.dll" to "bin\Debug\net10.0\ShoppingCart.Infrastructure.dll". Beginning retry 1 in 1000ms. The process cannot access the file 'C:\AI\shoppingcart\src\ShoppingCart.Api\bin\Debug\net10.0\ShoppingCart.Infrastructure.dll' because it is being used by another process. The file is locked by: "ShoppingCart.Api (30360)" [C:\AI\shoppingcart\src\ShoppingCart.Api\ShoppingCart.Api.csproj]
C:\Program Files\dotnet\sdk\10.0.103\Microsoft.Common.CurrentVersion.targets(5080,5): warning MSB3026: Could not copy "C:\AI\shoppingcart\src\ShoppingCart.Domain\bin\Debug\net10.0\ShoppingCart.Domain.dll" to "bin\Debug\net10.0\ShoppingCart.Domain.dll". Beginning retry 2 in 1000ms. The process cannot access the file 'C:\AI\shoppingcart\src\ShoppingCart.Api\bin\Debug\net10.0\ShoppingCart.Domain.dll' because it is being used by another process. The file is locked by: "ShoppingCart.Api (30360)" [C:\AI\shoppingcart\src\ShoppingCart.Api\ShoppingCart.Api.csproj]
C:\Program Files\dotnet\sdk\10.0.103\Microsoft.Common.CurrentVersion.targets(5080,5): warning MSB3026: Could not copy "C:\AI\shoppingcart\src\ShoppingCart.Application\bin\Debug\net10.0\ShoppingCart.Application.dll" to "bin\Debug\net10.0\ShoppingCart.Application.dll". Beginning retry 2 in 1000ms. The process cannot access the file 'C:\AI\shoppingcart\src\ShoppingCart.Api\bin\Debug\net10.0\ShoppingCart.Application.dll' because it is being used by another process. The file is locked by: "ShoppingCart.Api (30360)" [C:\AI\shoppingcart\src\ShoppingCart.Api\ShoppingCart.Api.csproj]
C:\Program Files\dotnet\sdk\10.0.103\Microsoft.Common.CurrentVersion.targets(5080,5): warning MSB3026: Could not copy "C:\AI\shoppingcart\src\ShoppingCart.Shared\bin\Debug\net10.0\ShoppingCart.Shared.dll" to "bin\Debug\net10.0\ShoppingCart.Shared.dll". Beginning retry 2 in 1000ms. The process cannot access the file 'C:\AI\shoppingcart\src\ShoppingCart.Api\bin\Debug\net10.0\ShoppingCart.Shared.dll' because it is being used by another process. The file is locked by: "ShoppingCart.Api (30360)" [C:\AI\shoppingcart\src\ShoppingCart.Api\ShoppingCart.Api.csproj]
C:\Program Files\dotnet\sdk\10.0.103\Microsoft.Common.CurrentVersion.targets(5080,5): warning MSB3026: Could not copy "C:\AI\shoppingcart\src\ShoppingCart.Infrastructure\bin\Debug\net10.0\ShoppingCart.Infrastructure.dll" to "bin\Debug\net10.0\ShoppingCart.Infrastructure.dll". Beginning retry 2 in 1000ms. The process cannot access the file 'C:\AI\shoppingcart\src\ShoppingCart.Api\bin\Debug\net10.0\ShoppingCart.Infrastructure.dll' because it is being used by another process. The file is locked by: "ShoppingCart.Api (30360)" [C:\AI\shoppingcart\src\ShoppingCart.Api\ShoppingCart.Api.csproj]
C:\Program Files\dotnet\sdk\10.0.103\Microsoft.Common.CurrentVersion.targets(5080,5): warning MSB3026: Could not copy "C:\AI\shoppingcart\src\ShoppingCart.Persistence\bin\Debug\net10.0\ShoppingCart.Persistence.dll" to "bin\Debug\net10.0\ShoppingCart.Persistence.dll". Beginning retry 2 in 1000ms. The process cannot access the file 'C:\AI\shoppingcart\src\ShoppingCart.Api\bin\Debug\net10.0\ShoppingCart.Persistence.dll' because it is being used by another process. The file is locked by: "ShoppingCart.Api (30360)" [C:\AI\shoppingcart\src\ShoppingCart.Api\ShoppingCart.Api.csproj]
C:\Program Files\dotnet\sdk\10.0.103\Microsoft.Common.CurrentVersion.targets(5080,5): warning MSB3026: Could not copy "C:\AI\shoppingcart\src\ShoppingCart.Domain\bin\Debug\net10.0\ShoppingCart.Domain.dll" to "bin\Debug\net10.0\ShoppingCart.Domain.dll". Beginning retry 3 in 1000ms. The process cannot access the file 'C:\AI\shoppingcart\src\ShoppingCart.Api\bin\Debug\net10.0\ShoppingCart.Domain.dll' because it is being used by another process. The file is locked by: "ShoppingCart.Api (30360)" [C:\AI\shoppingcart\src\ShoppingCart.Api\ShoppingCart.Api.csproj]
C:\Program Files\dotnet\sdk\10.0.103\Microsoft.Common.CurrentVersion.targets(5080,5): warning MSB3026: Could not copy "C:\AI\shoppingcart\src\ShoppingCart.Application\bin\Debug\net10.0\ShoppingCart.Application.dll" to "bin\Debug\net10.0\ShoppingCart.Application.dll". Beginning retry 3 in 1000ms. The process cannot access the file 'C:\AI\shoppingcart\src\ShoppingCart.Api\bin\Debug\net10.0\ShoppingCart.Application.dll' because it is being used by another process. The file is locked by: "ShoppingCart.Api (30360)" [C:\AI\shoppingcart\src\ShoppingCart.Api\ShoppingCart.Api.csproj]
C:\Program Files\dotnet\sdk\10.0.103\Microsoft.Common.CurrentVersion.targets(5080,5): warning MSB3026: Could not copy "C:\AI\shoppingcart\src\ShoppingCart.Shared\bin\Debug\net10.0\ShoppingCart.Shared.dll" to "bin\Debug\net10.0\ShoppingCart.Shared.dll". Beginning retry 3 in 1000ms. The process cannot access the file 'C:\AI\shoppingcart\src\ShoppingCart.Api\bin\Debug\net10.0\ShoppingCart.Shared.dll' because it is being used by another process. The file is locked by: "ShoppingCart.Api (30360)" [C:\AI\shoppingcart\src\ShoppingCart.Api\ShoppingCart.Api.csproj]
C:\Program Files\dotnet\sdk\10.0.103\Microsoft.Common.CurrentVersion.targets(5080,5): warning MSB3026: Could not copy "C:\AI\shoppingcart\src\ShoppingCart.Persistence\bin\Debug\net10.0\ShoppingCart.Persistence.dll" to "bin\Debug\net10.0\ShoppingCart.Persistence.dll". Beginning retry 3 in 1000ms. The process cannot access the file 'C:\AI\shoppingcart\src\ShoppingCart.Api\bin\Debug\net10.0\ShoppingCart.Persistence.dll' because it is being used by another process. The file is locked by: "ShoppingCart.Api (30360)" [C:\AI\shoppingcart\src\ShoppingCart.Api\ShoppingCart.Api.csproj]
C:\Program Files\dotnet\sdk\10.0.103\Microsoft.Common.CurrentVersion.targets(5080,5): warning MSB3026: Could not copy "C:\AI\shoppingcart\src\ShoppingCart.Infrastructure\bin\Debug\net10.0\ShoppingCart.Infrastructure.dll" to "bin\Debug\net10.0\ShoppingCart.Infrastructure.dll". Beginning retry 3 in 1000ms. The process cannot access the file 'C:\AI\shoppingcart\src\ShoppingCart.Api\bin\Debug\net10.0\ShoppingCart.Infrastructure.dll' because it is being used by another process. The file is locked by: "ShoppingCart.Api (30360)" [C:\AI\shoppingcart\src\ShoppingCart.Api\ShoppingCart.Api.csproj]
C:\Program Files\dotnet\sdk\10.0.103\Microsoft.Common.CurrentVersion.targets(5080,5): warning MSB3026: Could not copy "C:\AI\shoppingcart\src\ShoppingCart.Domain\bin\Debug\net10.0\ShoppingCart.Domain.dll" to "bin\Debug\net10.0\ShoppingCart.Domain.dll". Beginning retry 4 in 1000ms. The process cannot access the file 'C:\AI\shoppingcart\src\ShoppingCart.Api\bin\Debug\net10.0\ShoppingCart.Domain.dll' because it is being used by another process. The file is locked by: "ShoppingCart.Api (30360)" [C:\AI\shoppingcart\src\ShoppingCart.Api\ShoppingCart.Api.csproj]
C:\Program Files\dotnet\sdk\10.0.103\Microsoft.Common.CurrentVersion.targets(5080,5): warning MSB3026: Could not copy "C:\AI\shoppingcart\src\ShoppingCart.Application\bin\Debug\net10.0\ShoppingCart.Application.dll" to "bin\Debug\net10.0\ShoppingCart.Application.dll". Beginning retry 4 in 1000ms. The process cannot access the file 'C:\AI\shoppingcart\src\ShoppingCart.Api\bin\Debug\net10.0\ShoppingCart.Application.dll' because it is being used by another process. The file is locked by: "ShoppingCart.Api (30360)" [C:\AI\shoppingcart\src\ShoppingCart.Api\ShoppingCart.Api.csproj]
C:\Program Files\dotnet\sdk\10.0.103\Microsoft.Common.CurrentVersion.targets(5080,5): warning MSB3026: Could not copy "C:\AI\shoppingcart\src\ShoppingCart.Shared\bin\Debug\net10.0\ShoppingCart.Shared.dll" to "bin\Debug\net10.0\ShoppingCart.Shared.dll". Beginning retry 4 in 1000ms. The process cannot access the file 'C:\AI\shoppingcart\src\ShoppingCart.Api\bin\Debug\net10.0\ShoppingCart.Shared.dll' because it is being used by another process. The file is locked by: "ShoppingCart.Api (30360)" [C:\AI\shoppingcart\src\ShoppingCart.Api\ShoppingCart.Api.csproj]
C:\Program Files\dotnet\sdk\10.0.103\Microsoft.Common.CurrentVersion.targets(5080,5): warning MSB3026: Could not copy "C:\AI\shoppingcart\src\ShoppingCart.Infrastructure\bin\Debug\net10.0\ShoppingCart.Infrastructure.dll" to "bin\Debug\net10.0\ShoppingCart.Infrastructure.dll". Beginning retry 4 in 1000ms. The process cannot access the file 'C:\AI\shoppingcart\src\ShoppingCart.Api\bin\Debug\net10.0\ShoppingCart.Infrastructure.dll' because it is being used by another process. The file is locked by: "ShoppingCart.Api (30360)" [C:\AI\shoppingcart\src\ShoppingCart.Api\ShoppingCart.Api.csproj]
C:\Program Files\dotnet\sdk\10.0.103\Microsoft.Common.CurrentVersion.targets(5080,5): warning MSB3026: Could not copy "C:\AI\shoppingcart\src\ShoppingCart.Persistence\bin\Debug\net10.0\ShoppingCart.Persistence.dll" to "bin\Debug\net10.0\ShoppingCart.Persistence.dll". Beginning retry 4 in 1000ms. The process cannot access the file 'C:\AI\shoppingcart\src\ShoppingCart.Api\bin\Debug\net10.0\ShoppingCart.Persistence.dll' because it is being used by another process. The file is locked by: "ShoppingCart.Api (30360)" [C:\AI\shoppingcart\src\ShoppingCart.Api\ShoppingCart.Api.csproj]
C:\Program Files\dotnet\sdk\10.0.103\Microsoft.Common.CurrentVersion.targets(5080,5): warning MSB3026: Could not copy "C:\AI\shoppingcart\src\ShoppingCart.Domain\bin\Debug\net10.0\ShoppingCart.Domain.dll" to "bin\Debug\net10.0\ShoppingCart.Domain.dll". Beginning retry 5 in 1000ms. The process cannot access the file 'C:\AI\shoppingcart\src\ShoppingCart.Api\bin\Debug\net10.0\ShoppingCart.Domain.dll' because it is being used by another process. The file is locked by: "ShoppingCart.Api (30360)" [C:\AI\shoppingcart\src\ShoppingCart.Api\ShoppingCart.Api.csproj]
C:\Program Files\dotnet\sdk\10.0.103\Microsoft.Common.CurrentVersion.targets(5080,5): warning MSB3026: Could not copy "C:\AI\shoppingcart\src\ShoppingCart.Application\bin\Debug\net10.0\ShoppingCart.Application.dll" to "bin\Debug\net10.0\ShoppingCart.Application.dll". Beginning retry 5 in 1000ms. The process cannot access the file 'C:\AI\shoppingcart\src\ShoppingCart.Api\bin\Debug\net10.0\ShoppingCart.Application.dll' because it is being used by another process. The file is locked by: "ShoppingCart.Api (30360)" [C:\AI\shoppingcart\src\ShoppingCart.Api\ShoppingCart.Api.csproj]
C:\Program Files\dotnet\sdk\10.0.103\Microsoft.Common.CurrentVersion.targets(5080,5): warning MSB3026: Could not copy "C:\AI\shoppingcart\src\ShoppingCart.Shared\bin\Debug\net10.0\ShoppingCart.Shared.dll" to "bin\Debug\net10.0\ShoppingCart.Shared.dll". Beginning retry 5 in 1000ms. The process cannot access the file 'C:\AI\shoppingcart\src\ShoppingCart.Api\bin\Debug\net10.0\ShoppingCart.Shared.dll' because it is being used by another process. The file is locked by: "ShoppingCart.Api (30360)" [C:\AI\shoppingcart\src\ShoppingCart.Api\ShoppingCart.Api.csproj]
C:\Program Files\dotnet\sdk\10.0.103\Microsoft.Common.CurrentVersion.targets(5080,5): warning MSB3026: Could not copy "C:\AI\shoppingcart\src\ShoppingCart.Persistence\bin\Debug\net10.0\ShoppingCart.Persistence.dll" to "bin\Debug\net10.0\ShoppingCart.Persistence.dll". Beginning retry 5 in 1000ms. The process cannot access the file 'C:\AI\shoppingcart\src\ShoppingCart.Api\bin\Debug\net10.0\ShoppingCart.Persistence.dll' because it is being used by another process. The file is locked by: "ShoppingCart.Api (30360)" [C:\AI\shoppingcart\src\ShoppingCart.Api\ShoppingCart.Api.csproj]
C:\Program Files\dotnet\sdk\10.0.103\Microsoft.Common.CurrentVersion.targets(5080,5): warning MSB3026: Could not copy "C:\AI\shoppingcart\src\ShoppingCart.Infrastructure\bin\Debug\net10.0\ShoppingCart.Infrastructure.dll" to "bin\Debug\net10.0\ShoppingCart.Infrastructure.dll". Beginning retry 5 in 1000ms. The process cannot access the file 'C:\AI\shoppingcart\src\ShoppingCart.Api\bin\Debug\net10.0\ShoppingCart.Infrastructure.dll' because it is being used by another process. The file is locked by: "ShoppingCart.Api (30360)" [C:\AI\shoppingcart\src\ShoppingCart.Api\ShoppingCart.Api.csproj]
C:\Program Files\dotnet\sdk\10.0.103\Microsoft.Common.CurrentVersion.targets(5080,5): warning MSB3026: Could not copy "C:\AI\shoppingcart\src\ShoppingCart.Domain\bin\Debug\net10.0\ShoppingCart.Domain.dll" to "bin\Debug\net10.0\ShoppingCart.Domain.dll". Beginning retry 6 in 1000ms. The process cannot access the file 'C:\AI\shoppingcart\src\ShoppingCart.Api\bin\Debug\net10.0\ShoppingCart.Domain.dll' because it is being used by another process. The file is locked by: "ShoppingCart.Api (30360)" [C:\AI\shoppingcart\src\ShoppingCart.Api\ShoppingCart.Api.csproj]
C:\Program Files\dotnet\sdk\10.0.103\Microsoft.Common.CurrentVersion.targets(5080,5): warning MSB3026: Could not copy "C:\AI\shoppingcart\src\ShoppingCart.Application\bin\Debug\net10.0\ShoppingCart.Application.dll" to "bin\Debug\net10.0\ShoppingCart.Application.dll". Beginning retry 6 in 1000ms. The process cannot access the file 'C:\AI\shoppingcart\src\ShoppingCart.Api\bin\Debug\net10.0\ShoppingCart.Application.dll' because it is being used by another process. The file is locked by: "ShoppingCart.Api (30360)" [C:\AI\shoppingcart\src\ShoppingCart.Api\ShoppingCart.Api.csproj]
C:\Program Files\dotnet\sdk\10.0.103\Microsoft.Common.CurrentVersion.targets(5080,5): warning MSB3026: Could not copy "C:\AI\shoppingcart\src\ShoppingCart.Persistence\bin\Debug\net10.0\ShoppingCart.Persistence.dll" to "bin\Debug\net10.0\ShoppingCart.Persistence.dll". Beginning retry 6 in 1000ms. The process cannot access the file 'C:\AI\shoppingcart\src\ShoppingCart.Api\bin\Debug\net10.0\ShoppingCart.Persistence.dll' because it is being used by another process. The file is locked by: "ShoppingCart.Api (30360)" [C:\AI\shoppingcart\src\ShoppingCart.Api\ShoppingCart.Api.csproj]
C:\Program Files\dotnet\sdk\10.0.103\Microsoft.Common.CurrentVersion.targets(5080,5): warning MSB3026: Could not copy "C:\AI\shoppingcart\src\ShoppingCart.Shared\bin\Debug\net10.0\ShoppingCart.Shared.dll" to "bin\Debug\net10.0\ShoppingCart.Shared.dll". Beginning retry 6 in 1000ms. The process cannot access the file 'C:\AI\shoppingcart\src\ShoppingCart.Api\bin\Debug\net10.0\ShoppingCart.Shared.dll' because it is being used by another process. The file is locked by: "ShoppingCart.Api (30360)" [C:\AI\shoppingcart\src\ShoppingCart.Api\ShoppingCart.Api.csproj]
C:\Program Files\dotnet\sdk\10.0.103\Microsoft.Common.CurrentVersion.targets(5080,5): warning MSB3026: Could not copy "C:\AI\shoppingcart\src\ShoppingCart.Infrastructure\bin\Debug\net10.0\ShoppingCart.Infrastructure.dll" to "bin\Debug\net10.0\ShoppingCart.Infrastructure.dll". Beginning retry 6 in 1000ms. The process cannot access the file 'C:\AI\shoppingcart\src\ShoppingCart.Api\bin\Debug\net10.0\ShoppingCart.Infrastructure.dll' because it is being used by another process. The file is locked by: "ShoppingCart.Api (30360)" [C:\AI\shoppingcart\src\ShoppingCart.Api\ShoppingCart.Api.csproj]
C:\Program Files\dotnet\sdk\10.0.103\Microsoft.Common.CurrentVersion.targets(5080,5): warning MSB3026: Could not copy "C:\AI\shoppingcart\src\ShoppingCart.Domain\bin\Debug\net10.0\ShoppingCart.Domain.dll" to "bin\Debug\net10.0\ShoppingCart.Domain.dll". Beginning retry 7 in 1000ms. The process cannot access the file 'C:\AI\shoppingcart\src\ShoppingCart.Api\bin\Debug\net10.0\ShoppingCart.Domain.dll' because it is being used by another process. The file is locked by: "ShoppingCart.Api (30360)" [C:\AI\shoppingcart\src\ShoppingCart.Api\ShoppingCart.Api.csproj]
C:\Program Files\dotnet\sdk\10.0.103\Microsoft.Common.CurrentVersion.targets(5080,5): warning MSB3026: Could not copy "C:\AI\shoppingcart\src\ShoppingCart.Persistence\bin\Debug\net10.0\ShoppingCart.Persistence.dll" to "bin\Debug\net10.0\ShoppingCart.Persistence.dll". Beginning retry 7 in 1000ms. The process cannot access the file 'C:\AI\shoppingcart\src\ShoppingCart.Api\bin\Debug\net10.0\ShoppingCart.Persistence.dll' because it is being used by another process. The file is locked by: "ShoppingCart.Api (30360)" [C:\AI\shoppingcart\src\ShoppingCart.Api\ShoppingCart.Api.csproj]
C:\Program Files\dotnet\sdk\10.0.103\Microsoft.Common.CurrentVersion.targets(5080,5): warning MSB3026: Could not copy "C:\AI\shoppingcart\src\ShoppingCart.Application\bin\Debug\net10.0\ShoppingCart.Application.dll" to "bin\Debug\net10.0\ShoppingCart.Application.dll". Beginning retry 7 in 1000ms. The process cannot access the file 'C:\AI\shoppingcart\src\ShoppingCart.Api\bin\Debug\net10.0\ShoppingCart.Application.dll' because it is being used by another process. The file is locked by: "ShoppingCart.Api (30360)" [C:\AI\shoppingcart\src\ShoppingCart.Api\ShoppingCart.Api.csproj]
C:\Program Files\dotnet\sdk\10.0.103\Microsoft.Common.CurrentVersion.targets(5080,5): warning MSB3026: Could not copy "C:\AI\shoppingcart\src\ShoppingCart.Shared\bin\Debug\net10.0\ShoppingCart.Shared.dll" to "bin\Debug\net10.0\ShoppingCart.Shared.dll". Beginning retry 7 in 1000ms. The process cannot access the file 'C:\AI\shoppingcart\src\ShoppingCart.Api\bin\Debug\net10.0\ShoppingCart.Shared.dll' because it is being used by another process. The file is locked by: "ShoppingCart.Api (30360)" [C:\AI\shoppingcart\src\ShoppingCart.Api\ShoppingCart.Api.csproj]
C:\Program Files\dotnet\sdk\10.0.103\Microsoft.Common.CurrentVersion.targets(5080,5): warning MSB3026: Could not copy "C:\AI\shoppingcart\src\ShoppingCart.Infrastructure\bin\Debug\net10.0\ShoppingCart.Infrastructure.dll" to "bin\Debug\net10.0\ShoppingCart.Infrastructure.dll". Beginning retry 7 in 1000ms. The process cannot access the file 'C:\AI\shoppingcart\src\ShoppingCart.Api\bin\Debug\net10.0\ShoppingCart.Infrastructure.dll' because it is being used by another process. The file is locked by: "ShoppingCart.Api (30360)" [C:\AI\shoppingcart\src\ShoppingCart.Api\ShoppingCart.Api.csproj]
C:\Program Files\dotnet\sdk\10.0.103\Microsoft.Common.CurrentVersion.targets(5080,5): warning MSB3026: Could not copy "C:\AI\shoppingcart\src\ShoppingCart.Domain\bin\Debug\net10.0\ShoppingCart.Domain.dll" to "bin\Debug\net10.0\ShoppingCart.Domain.dll". Beginning retry 8 in 1000ms. The process cannot access the file 'C:\AI\shoppingcart\src\ShoppingCart.Api\bin\Debug\net10.0\ShoppingCart.Domain.dll' because it is being used by another process. The file is locked by: "ShoppingCart.Api (30360)" [C:\AI\shoppingcart\src\ShoppingCart.Api\ShoppingCart.Api.csproj]
C:\Program Files\dotnet\sdk\10.0.103\Microsoft.Common.CurrentVersion.targets(5080,5): warning MSB3026: Could not copy "C:\AI\shoppingcart\src\ShoppingCart.Application\bin\Debug\net10.0\ShoppingCart.Application.dll" to "bin\Debug\net10.0\ShoppingCart.Application.dll". Beginning retry 8 in 1000ms. The process cannot access the file 'C:\AI\shoppingcart\src\ShoppingCart.Api\bin\Debug\net10.0\ShoppingCart.Application.dll' because it is being used by another process. The file is locked by: "ShoppingCart.Api (30360)" [C:\AI\shoppingcart\src\ShoppingCart.Api\ShoppingCart.Api.csproj]
C:\Program Files\dotnet\sdk\10.0.103\Microsoft.Common.CurrentVersion.targets(5080,5): warning MSB3026: Could not copy "C:\AI\shoppingcart\src\ShoppingCart.Persistence\bin\Debug\net10.0\ShoppingCart.Persistence.dll" to "bin\Debug\net10.0\ShoppingCart.Persistence.dll". Beginning retry 8 in 1000ms. The process cannot access the file 'C:\AI\shoppingcart\src\ShoppingCart.Api\bin\Debug\net10.0\ShoppingCart.Persistence.dll' because it is being used by another process. The file is locked by: "ShoppingCart.Api (30360)" [C:\AI\shoppingcart\src\ShoppingCart.Api\ShoppingCart.Api.csproj]
C:\Program Files\dotnet\sdk\10.0.103\Microsoft.Common.CurrentVersion.targets(5080,5): warning MSB3026: Could not copy "C:\AI\shoppingcart\src\ShoppingCart.Infrastructure\bin\Debug\net10.0\ShoppingCart.Infrastructure.dll" to "bin\Debug\net10.0\ShoppingCart.Infrastructure.dll". Beginning retry 8 in 1000ms. The process cannot access the file 'C:\AI\shoppingcart\src\ShoppingCart.Api\bin\Debug\net10.0\ShoppingCart.Infrastructure.dll' because it is being used by another process. The file is locked by: "ShoppingCart.Api (30360)" [C:\AI\shoppingcart\src\ShoppingCart.Api\ShoppingCart.Api.csproj]
C:\Program Files\dotnet\sdk\10.0.103\Microsoft.Common.CurrentVersion.targets(5080,5): warning MSB3026: Could not copy "C:\AI\shoppingcart\src\ShoppingCart.Shared\bin\Debug\net10.0\ShoppingCart.Shared.dll" to "bin\Debug\net10.0\ShoppingCart.Shared.dll". Beginning retry 8 in 1000ms. The process cannot access the file 'C:\AI\shoppingcart\src\ShoppingCart.Api\bin\Debug\net10.0\ShoppingCart.Shared.dll' because it is being used by another process. The file is locked by: "ShoppingCart.Api (30360)" [C:\AI\shoppingcart\src\ShoppingCart.Api\ShoppingCart.Api.csproj]
C:\Program Files\dotnet\sdk\10.0.103\Microsoft.Common.CurrentVersion.targets(5080,5): warning MSB3026: Could not copy "C:\AI\shoppingcart\src\ShoppingCart.Domain\bin\Debug\net10.0\ShoppingCart.Domain.dll" to "bin\Debug\net10.0\ShoppingCart.Domain.dll". Beginning retry 9 in 1000ms. The process cannot access the file 'C:\AI\shoppingcart\src\ShoppingCart.Api\bin\Debug\net10.0\ShoppingCart.Domain.dll' because it is being used by another process. The file is locked by: "ShoppingCart.Api (30360)" [C:\AI\shoppingcart\src\ShoppingCart.Api\ShoppingCart.Api.csproj]
C:\Program Files\dotnet\sdk\10.0.103\Microsoft.Common.CurrentVersion.targets(5080,5): warning MSB3026: Could not copy "C:\AI\shoppingcart\src\ShoppingCart.Persistence\bin\Debug\net10.0\ShoppingCart.Persistence.dll" to "bin\Debug\net10.0\ShoppingCart.Persistence.dll". Beginning retry 9 in 1000ms. The process cannot access the file 'C:\AI\shoppingcart\src\ShoppingCart.Api\bin\Debug\net10.0\ShoppingCart.Persistence.dll' because it is being used by another process. The file is locked by: "ShoppingCart.Api (30360)" [C:\AI\shoppingcart\src\ShoppingCart.Api\ShoppingCart.Api.csproj]
C:\Program Files\dotnet\sdk\10.0.103\Microsoft.Common.CurrentVersion.targets(5080,5): warning MSB3026: Could not copy "C:\AI\shoppingcart\src\ShoppingCart.Application\bin\Debug\net10.0\ShoppingCart.Application.dll" to "bin\Debug\net10.0\ShoppingCart.Application.dll". Beginning retry 9 in 1000ms. The process cannot access the file 'C:\AI\shoppingcart\src\ShoppingCart.Api\bin\Debug\net10.0\ShoppingCart.Application.dll' because it is being used by another process. The file is locked by: "ShoppingCart.Api (30360)" [C:\AI\shoppingcart\src\ShoppingCart.Api\ShoppingCart.Api.csproj]
C:\Program Files\dotnet\sdk\10.0.103\Microsoft.Common.CurrentVersion.targets(5080,5): warning MSB3026: Could not copy "C:\AI\shoppingcart\src\ShoppingCart.Infrastructure\bin\Debug\net10.0\ShoppingCart.Infrastructure.dll" to "bin\Debug\net10.0\ShoppingCart.Infrastructure.dll". Beginning retry 9 in 1000ms. The process cannot access the file 'C:\AI\shoppingcart\src\ShoppingCart.Api\bin\Debug\net10.0\ShoppingCart.Infrastructure.dll' because it is being used by another process. The file is locked by: "ShoppingCart.Api (30360)" [C:\AI\shoppingcart\src\ShoppingCart.Api\ShoppingCart.Api.csproj]
C:\Program Files\dotnet\sdk\10.0.103\Microsoft.Common.CurrentVersion.targets(5080,5): warning MSB3026: Could not copy "C:\AI\shoppingcart\src\ShoppingCart.Shared\bin\Debug\net10.0\ShoppingCart.Shared.dll" to "bin\Debug\net10.0\ShoppingCart.Shared.dll". Beginning retry 9 in 1000ms. The process cannot access the file 'C:\AI\shoppingcart\src\ShoppingCart.Api\bin\Debug\net10.0\ShoppingCart.Shared.dll' because it is being used by another process. The file is locked by: "ShoppingCart.Api (30360)" [C:\AI\shoppingcart\src\ShoppingCart.Api\ShoppingCart.Api.csproj]
C:\Program Files\dotnet\sdk\10.0.103\Microsoft.Common.CurrentVersion.targets(5080,5): warning MSB3026: Could not copy "C:\AI\shoppingcart\src\ShoppingCart.Domain\bin\Debug\net10.0\ShoppingCart.Domain.dll" to "bin\Debug\net10.0\ShoppingCart.Domain.dll". Beginning retry 10 in 1000ms. The process cannot access the file 'C:\AI\shoppingcart\src\ShoppingCart.Api\bin\Debug\net10.0\ShoppingCart.Domain.dll' because it is being used by another process. The file is locked by: "ShoppingCart.Api (30360)" [C:\AI\shoppingcart\src\ShoppingCart.Api\ShoppingCart.Api.csproj]
C:\Program Files\dotnet\sdk\10.0.103\Microsoft.Common.CurrentVersion.targets(5080,5): warning MSB3026: Could not copy "C:\AI\shoppingcart\src\ShoppingCart.Application\bin\Debug\net10.0\ShoppingCart.Application.dll" to "bin\Debug\net10.0\ShoppingCart.Application.dll". Beginning retry 10 in 1000ms. The process cannot access the file 'C:\AI\shoppingcart\src\ShoppingCart.Api\bin\Debug\net10.0\ShoppingCart.Application.dll' because it is being used by another process. The file is locked by: "ShoppingCart.Api (30360)" [C:\AI\shoppingcart\src\ShoppingCart.Api\ShoppingCart.Api.csproj]
C:\Program Files\dotnet\sdk\10.0.103\Microsoft.Common.CurrentVersion.targets(5080,5): warning MSB3026: Could not copy "C:\AI\shoppingcart\src\ShoppingCart.Persistence\bin\Debug\net10.0\ShoppingCart.Persistence.dll" to "bin\Debug\net10.0\ShoppingCart.Persistence.dll". Beginning retry 10 in 1000ms. The process cannot access the file 'C:\AI\shoppingcart\src\ShoppingCart.Api\bin\Debug\net10.0\ShoppingCart.Persistence.dll' because it is being used by another process. The file is locked by: "ShoppingCart.Api (30360)" [C:\AI\shoppingcart\src\ShoppingCart.Api\ShoppingCart.Api.csproj]
C:\Program Files\dotnet\sdk\10.0.103\Microsoft.Common.CurrentVersion.targets(5080,5): warning MSB3026: Could not copy "C:\AI\shoppingcart\src\ShoppingCart.Infrastructure\bin\Debug\net10.0\ShoppingCart.Infrastructure.dll" to "bin\Debug\net10.0\ShoppingCart.Infrastructure.dll". Beginning retry 10 in 1000ms. The process cannot access the file 'C:\AI\shoppingcart\src\ShoppingCart.Api\bin\Debug\net10.0\ShoppingCart.Infrastructure.dll' because it is being used by another process. The file is locked by: "ShoppingCart.Api (30360)" [C:\AI\shoppingcart\src\ShoppingCart.Api\ShoppingCart.Api.csproj]
C:\Program Files\dotnet\sdk\10.0.103\Microsoft.Common.CurrentVersion.targets(5080,5): warning MSB3026: Could not copy "C:\AI\shoppingcart\src\ShoppingCart.Shared\bin\Debug\net10.0\ShoppingCart.Shared.dll" to "bin\Debug\net10.0\ShoppingCart.Shared.dll". Beginning retry 10 in 1000ms. The process cannot access the file 'C:\AI\shoppingcart\src\ShoppingCart.Api\bin\Debug\net10.0\ShoppingCart.Shared.dll' because it is being used by another process. The file is locked by: "ShoppingCart.Api (30360)" [C:\AI\shoppingcart\src\ShoppingCart.Api\ShoppingCart.Api.csproj]
C:\Program Files\dotnet\sdk\10.0.103\Microsoft.Common.CurrentVersion.targets(5080,5): error MSB3027: Could not copy "C:\AI\shoppingcart\src\ShoppingCart.Domain\bin\Debug\net10.0\ShoppingCart.Domain.dll" to "bin\Debug\net10.0\ShoppingCart.Domain.dll". Exceeded retry count of 10. Failed. The file is locked by: "ShoppingCart.Api (30360)" [C:\AI\shoppingcart\src\ShoppingCart.Api\ShoppingCart.Api.csproj]
C:\Program Files\dotnet\sdk\10.0.103\Microsoft.Common.CurrentVersion.targets(5080,5): error MSB3021: Unable to copy file "C:\AI\shoppingcart\src\ShoppingCart.Domain\bin\Debug\net10.0\ShoppingCart.Domain.dll" to "bin\Debug\net10.0\ShoppingCart.Domain.dll". The process cannot access the file 'C:\AI\shoppingcart\src\ShoppingCart.Api\bin\Debug\net10.0\ShoppingCart.Domain.dll' because it is being used by another process. [C:\AI\shoppingcart\src\ShoppingCart.Api\ShoppingCart.Api.csproj]
C:\Program Files\dotnet\sdk\10.0.103\Microsoft.Common.CurrentVersion.targets(5080,5): error MSB3027: Could not copy "C:\AI\shoppingcart\src\ShoppingCart.Application\bin\Debug\net10.0\ShoppingCart.Application.dll" to "bin\Debug\net10.0\ShoppingCart.Application.dll". Exceeded retry count of 10. Failed. The file is locked by: "ShoppingCart.Api (30360)" [C:\AI\shoppingcart\src\ShoppingCart.Api\ShoppingCart.Api.csproj]
C:\Program Files\dotnet\sdk\10.0.103\Microsoft.Common.CurrentVersion.targets(5080,5): error MSB3021: Unable to copy file "C:\AI\shoppingcart\src\ShoppingCart.Application\bin\Debug\net10.0\ShoppingCart.Application.dll" to "bin\Debug\net10.0\ShoppingCart.Application.dll". The process cannot access the file 'C:\AI\shoppingcart\src\ShoppingCart.Api\bin\Debug\net10.0\ShoppingCart.Application.dll' because it is being used by another process. [C:\AI\shoppingcart\src\ShoppingCart.Api\ShoppingCart.Api.csproj]
C:\Program Files\dotnet\sdk\10.0.103\Microsoft.Common.CurrentVersion.targets(5080,5): error MSB3027: Could not copy "C:\AI\shoppingcart\src\ShoppingCart.Persistence\bin\Debug\net10.0\ShoppingCart.Persistence.dll" to "bin\Debug\net10.0\ShoppingCart.Persistence.dll". Exceeded retry count of 10. Failed. The file is locked by: "ShoppingCart.Api (30360)" [C:\AI\shoppingcart\src\ShoppingCart.Api\ShoppingCart.Api.csproj]
C:\Program Files\dotnet\sdk\10.0.103\Microsoft.Common.CurrentVersion.targets(5080,5): error MSB3021: Unable to copy file "C:\AI\shoppingcart\src\ShoppingCart.Persistence\bin\Debug\net10.0\ShoppingCart.Persistence.dll" to "bin\Debug\net10.0\ShoppingCart.Persistence.dll". The process cannot access the file 'C:\AI\shoppingcart\src\ShoppingCart.Api\bin\Debug\net10.0\ShoppingCart.Persistence.dll' because it is being used by another process. [C:\AI\shoppingcart\src\ShoppingCart.Api\ShoppingCart.Api.csproj]
C:\Program Files\dotnet\sdk\10.0.103\Microsoft.Common.CurrentVersion.targets(5080,5): error MSB3027: Could not copy "C:\AI\shoppingcart\src\ShoppingCart.Shared\bin\Debug\net10.0\ShoppingCart.Shared.dll" to "bin\Debug\net10.0\ShoppingCart.Shared.dll". Exceeded retry count of 10. Failed. The file is locked by: "ShoppingCart.Api (30360)" [C:\AI\shoppingcart\src\ShoppingCart.Api\ShoppingCart.Api.csproj]
C:\Program Files\dotnet\sdk\10.0.103\Microsoft.Common.CurrentVersion.targets(5080,5): error MSB3021: Unable to copy file "C:\AI\shoppingcart\src\ShoppingCart.Shared\bin\Debug\net10.0\ShoppingCart.Shared.dll" to "bin\Debug\net10.0\ShoppingCart.Shared.dll". The process cannot access the file 'C:\AI\shoppingcart\src\ShoppingCart.Api\bin\Debug\net10.0\ShoppingCart.Shared.dll' because it is being used by another process. [C:\AI\shoppingcart\src\ShoppingCart.Api\ShoppingCart.Api.csproj]
C:\Program Files\dotnet\sdk\10.0.103\Microsoft.Common.CurrentVersion.targets(5080,5): error MSB3027: Could not copy "C:\AI\shoppingcart\src\ShoppingCart.Infrastructure\bin\Debug\net10.0\ShoppingCart.Infrastructure.dll" to "bin\Debug\net10.0\ShoppingCart.Infrastructure.dll". Exceeded retry count of 10. Failed. The file is locked by: "ShoppingCart.Api (30360)" [C:\AI\shoppingcart\src\ShoppingCart.Api\ShoppingCart.Api.csproj]
C:\Program Files\dotnet\sdk\10.0.103\Microsoft.Common.CurrentVersion.targets(5080,5): error MSB3021: Unable to copy file "C:\AI\shoppingcart\src\ShoppingCart.Infrastructure\bin\Debug\net10.0\ShoppingCart.Infrastructure.dll" to "bin\Debug\net10.0\ShoppingCart.Infrastructure.dll". The process cannot access the file 'C:\AI\shoppingcart\src\ShoppingCart.Api\bin\Debug\net10.0\ShoppingCart.Infrastructure.dll' because it is being used by another process. [C:\AI\shoppingcart\src\ShoppingCart.Api\ShoppingCart.Api.csproj]
    54 Warning(s)
    10 Error(s)

Time Elapsed 00:00:14.16
